23:05:46 **** Incremental Build of configuration Default for project firmware ****
make all 
*** compiling C file control/src/main.c ***
control/src/main.c: In function 'parseReadStatusCmd':
control/src/main.c:230:75: error: 'major' undeclared (first use in this function)
         pc_uart("beacon addr: %d %d, presence: %s, last distance: %d\r\n",major,minor,PC_BEACON_PRESENCE_STATE_MISSING,0);
                                                                           ^
control/src/main.c:230:75: note: each undeclared identifier is reported only once for each function it appears in
control/src/main.c:230:81: error: 'minor' undeclared (first use in this function)
         pc_uart("beacon addr: %d %d, presence: %s, last distance: %d\r\n",major,minor,PC_BEACON_PRESENCE_STATE_MISSING,0);
                                                                                 ^
control/src/main.c:233:1: warning: control reaches end of non-void function [-Wreturn-type]
 }
 ^
make: *** [main.o] Error 1
Makefile:76: recipe for target 'main.o' failed
23:06:42 **** Incremental Build of configuration Default for project firmware ****
make all 
*** compiling C file control/src/main.c ***
control/src/main.c: In function 'parseReadStatusCmd':
control/src/main.c:233:1: warning: control reaches end of non-void function [-Wreturn-type]
 }
 ^
*** linking project control ***
   text	   data	    bss	    dec	    hex	filename
  20056	  17472	    480	  38008	   9478	out/lpc4337_m4/control.axf
copy from `out/lpc4337_m4/control.axf' [elf32-littlearm] to `out/lpc4337_m4/control.bin' [binary]
*** post-build ***
mkdir -p ./bin/
cp out/lpc4337_m4/control.axf ./bin//firmware.axf
23:06:43 **** Incremental Build of configuration Default for project firmware ****
make all 
*** linking project control ***
   text	   data	    bss	    dec	    hex	filename
  20056	  17472	    480	  38008	   9478	out/lpc4337_m4/control.axf
copy from `out/lpc4337_m4/control.axf' [elf32-littlearm] to `out/lpc4337_m4/control.bin' [binary]
*** post-build ***
mkdir -p ./bin/
cp out/lpc4337_m4/control.axf ./bin//firmware.axf
23:06:45 **** Incremental Build of configuration Default for project firmware ****
make all 
*** linking project control ***
   text	   data	    bss	    dec	    hex	filename
  20056	  17472	    480	  38008	   9478	out/lpc4337_m4/control.axf
copy from `out/lpc4337_m4/control.axf' [elf32-littlearm] to `out/lpc4337_m4/control.bin' [binary]
*** post-build ***
mkdir -p ./bin/
cp out/lpc4337_m4/control.axf ./bin//firmware.axf
23:08:36 **** Incremental Build of configuration Default for project firmware ****
make all 
*** compiling C file control/src/main.c ***
control/src/main.c: In function 'parseReadStatusCmd':
control/src/main.c:233:1: warning: control reaches end of non-void function [-Wreturn-type]
 }
 ^
*** linking project control ***
   text	   data	    bss	    dec	    hex	filename
  19840	  17472	    480	  37792	   93a0	out/lpc4337_m4/control.axf
copy from `out/lpc4337_m4/control.axf' [elf32-littlearm] to `out/lpc4337_m4/control.bin' [binary]
*** post-build ***
mkdir -p ./bin/
cp out/lpc4337_m4/control.axf ./bin//firmware.axf
23:08:37 **** Incremental Build of configuration Default for project firmware ****
make all 
*** linking project control ***
   text	   data	    bss	    dec	    hex	filename
  19840	  17472	    480	  37792	   93a0	out/lpc4337_m4/control.axf
copy from `out/lpc4337_m4/control.axf' [elf32-littlearm] to `out/lpc4337_m4/control.bin' [binary]
*** post-build ***
mkdir -p ./bin/
cp out/lpc4337_m4/control.axf ./bin//firmware.axf
23:14:08 **** Incremental Build of configuration Default for project firmware ****
make all 
*** compiling C file control/src/Beacon.c ***
*** compiling C file control/src/main.c ***
control/src/main.c: In function 'parseReadStatusCmd':
control/src/main.c:233:1: warning: control reaches end of non-void function [-Wreturn-type]
 }
 ^
*** linking project control ***
   text	   data	    bss	    dec	    hex	filename
  19840	  17472	    480	  37792	   93a0	out/lpc4337_m4/control.axf
copy from `out/lpc4337_m4/control.axf' [elf32-littlearm] to `out/lpc4337_m4/control.bin' [binary]
*** post-build ***
mkdir -p ./bin/
cp out/lpc4337_m4/control.axf ./bin//firmware.axf
23:14:09 **** Incremental Build of configuration Default for project firmware ****
make all 
*** linking project control ***
   text	   data	    bss	    dec	    hex	filename
  19840	  17472	    480	  37792	   93a0	out/lpc4337_m4/control.axf
copy from `out/lpc4337_m4/control.axf' [elf32-littlearm] to `out/lpc4337_m4/control.bin' [binary]
*** post-build ***
mkdir -p ./bin/
cp out/lpc4337_m4/control.axf ./bin//firmware.axf
23:14:13 **** Incremental Build of configuration Default for project firmware ****
make all 
*** linking project control ***
   text	   data	    bss	    dec	    hex	filename
  19840	  17472	    480	  37792	   93a0	out/lpc4337_m4/control.axf
copy from `out/lpc4337_m4/control.axf' [elf32-littlearm] to `out/lpc4337_m4/control.bin' [binary]
*** post-build ***
mkdir -p ./bin/
cp out/lpc4337_m4/control.axf ./bin//firmware.axf
23:17:42 **** Incremental Build of configuration Default for project firmware ****
make all 
*** linking project control ***
   text	   data	    bss	    dec	    hex	filename
  19840	  17472	    480	  37792	   93a0	out/lpc4337_m4/control.axf
copy from `out/lpc4337_m4/control.axf' [elf32-littlearm] to `out/lpc4337_m4/control.bin' [binary]
*** post-build ***
mkdir -p ./bin/
cp out/lpc4337_m4/control.axf ./bin//firmware.axf
23:17:42 **** Incremental Build of configuration Default for project firmware ****
make all 
*** linking project control ***
   text	   data	    bss	    dec	    hex	filename
  19840	  17472	    480	  37792	   93a0	out/lpc4337_m4/control.axf
copy from `out/lpc4337_m4/control.axf' [elf32-littlearm] to `out/lpc4337_m4/control.bin' [binary]
*** post-build ***
mkdir -p ./bin/
cp out/lpc4337_m4/control.axf ./bin//firmware.axf
23:17:43 **** Incremental Build of configuration Default for project firmware ****
make all 
*** linking project control ***
   text	   data	    bss	    dec	    hex	filename
  19840	  17472	    480	  37792	   93a0	out/lpc4337_m4/control.axf
copy from `out/lpc4337_m4/control.axf' [elf32-littlearm] to `out/lpc4337_m4/control.bin' [binary]
*** post-build ***
mkdir -p ./bin/
cp out/lpc4337_m4/control.axf ./bin//firmware.axf
23:17:43 **** Incremental Build of configuration Default for project firmware ****
make all 
*** linking project control ***
   text	   data	    bss	    dec	    hex	filename
  19840	  17472	    480	  37792	   93a0	out/lpc4337_m4/control.axf
copy from `out/lpc4337_m4/control.axf' [elf32-littlearm] to `out/lpc4337_m4/control.bin' [binary]
*** post-build ***
mkdir -p ./bin/
cp out/lpc4337_m4/control.axf ./bin//firmware.axf
23:17:47 **** Incremental Build of configuration Default for project firmware ****
make all 
*** linking project control ***
   text	   data	    bss	    dec	    hex	filename
  19840	  17472	    480	  37792	   93a0	out/lpc4337_m4/control.axf
copy from `out/lpc4337_m4/control.axf' [elf32-littlearm] to `out/lpc4337_m4/control.bin' [binary]
*** post-build ***
mkdir -p ./bin/
cp out/lpc4337_m4/control.axf ./bin//firmware.axf
23:17:47 **** Incremental Build of configuration Default for project firmware ****
make all 
*** linking project control ***
   text	   data	    bss	    dec	    hex	filename
  19840	  17472	    480	  37792	   93a0	out/lpc4337_m4/control.axf
copy from `out/lpc4337_m4/control.axf' [elf32-littlearm] to `out/lpc4337_m4/control.bin' [binary]
*** post-build ***
mkdir -p ./bin/
cp out/lpc4337_m4/control.axf ./bin//firmware.axf
23:17:48 **** Incremental Build of configuration Default for project firmware ****
make all 
*** linking project control ***
   text	   data	    bss	    dec	    hex	filename
  19840	  17472	    480	  37792	   93a0	out/lpc4337_m4/control.axf
copy from `out/lpc4337_m4/control.axf' [elf32-littlearm] to `out/lpc4337_m4/control.bin' [binary]
*** post-build ***
mkdir -p ./bin/
cp out/lpc4337_m4/control.axf ./bin//firmware.axf
23:17:51 **** Incremental Build of configuration Default for project firmware ****
make all 
*** linking project control ***
   text	   data	    bss	    dec	    hex	filename
  19840	  17472	    480	  37792	   93a0	out/lpc4337_m4/control.axf
copy from `out/lpc4337_m4/control.axf' [elf32-littlearm] to `out/lpc4337_m4/control.bin' [binary]
*** post-build ***
mkdir -p ./bin/
cp out/lpc4337_m4/control.axf ./bin//firmware.axf
23:27:00 **** Incremental Build of configuration Default for project firmware ****
make all 
*** compiling C file control/src/main.c ***
control/src/main.c: In function 'parseReadStatusCmd':
control/src/main.c:233:1: warning: control reaches end of non-void function [-Wreturn-type]
 }
 ^
*** linking project control ***
   text	   data	    bss	    dec	    hex	filename
  19832	  17472	    480	  37784	   9398	out/lpc4337_m4/control.axf
copy from `out/lpc4337_m4/control.axf' [elf32-littlearm] to `out/lpc4337_m4/control.bin' [binary]
*** post-build ***
mkdir -p ./bin/
cp out/lpc4337_m4/control.axf ./bin//firmware.axf
23:27:01 **** Incremental Build of configuration Default for project firmware ****
make all 
*** linking project control ***
   text	   data	    bss	    dec	    hex	filename
  19832	  17472	    480	  37784	   9398	out/lpc4337_m4/control.axf
copy from `out/lpc4337_m4/control.axf' [elf32-littlearm] to `out/lpc4337_m4/control.bin' [binary]
*** post-build ***
mkdir -p ./bin/
cp out/lpc4337_m4/control.axf ./bin//firmware.axf
23:27:02 **** Incremental Build of configuration Default for project firmware ****
make all 
*** linking project control ***
   text	   data	    bss	    dec	    hex	filename
  19832	  17472	    480	  37784	   9398	out/lpc4337_m4/control.axf
copy from `out/lpc4337_m4/control.axf' [elf32-littlearm] to `out/lpc4337_m4/control.bin' [binary]
*** post-build ***
mkdir -p ./bin/
cp out/lpc4337_m4/control.axf ./bin//firmware.axf
23:27:02 **** Incremental Build of configuration Default for project firmware ****
make all 
*** linking project control ***
   text	   data	    bss	    dec	    hex	filename
  19832	  17472	    480	  37784	   9398	out/lpc4337_m4/control.axf
copy from `out/lpc4337_m4/control.axf' [elf32-littlearm] to `out/lpc4337_m4/control.bin' [binary]
*** post-build ***
mkdir -p ./bin/
cp out/lpc4337_m4/control.axf ./bin//firmware.axf
23:27:03 **** Incremental Build of configuration Default for project firmware ****
make all 
*** linking project control ***
   text	   data	    bss	    dec	    hex	filename
  19832	  17472	    480	  37784	   9398	out/lpc4337_m4/control.axf
copy from `out/lpc4337_m4/control.axf' [elf32-littlearm] to `out/lpc4337_m4/control.bin' [binary]
*** post-build ***
mkdir -p ./bin/
cp out/lpc4337_m4/control.axf ./bin//firmware.axf
23:27:04 **** Incremental Build of configuration Default for project firmware ****
make all 
*** linking project control ***
   text	   data	    bss	    dec	    hex	filename
  19832	  17472	    480	  37784	   9398	out/lpc4337_m4/control.axf
copy from `out/lpc4337_m4/control.axf' [elf32-littlearm] to `out/lpc4337_m4/control.bin' [binary]
*** post-build ***
mkdir -p ./bin/
cp out/lpc4337_m4/control.axf ./bin//firmware.axf
23:32:22 **** Incremental Build of configuration Default for project firmware ****
make all 
*** compiling C file control/src/main.c ***
control/src/main.c: In function 'parseReadStatusCmd':
control/src/main.c:219:1: warning: control reaches end of non-void function [-Wreturn-type]
 }
 ^
*** linking project control ***
   text	   data	    bss	    dec	    hex	filename
  19836	  17472	    480	  37788	   939c	out/lpc4337_m4/control.axf
copy from `out/lpc4337_m4/control.axf' [elf32-littlearm] to `out/lpc4337_m4/control.bin' [binary]
*** post-build ***
mkdir -p ./bin/
cp out/lpc4337_m4/control.axf ./bin//firmware.axf
23:32:23 **** Incremental Build of configuration Default for project firmware ****
make all 
*** linking project control ***
   text	   data	    bss	    dec	    hex	filename
  19836	  17472	    480	  37788	   939c	out/lpc4337_m4/control.axf
copy from `out/lpc4337_m4/control.axf' [elf32-littlearm] to `out/lpc4337_m4/control.bin' [binary]
*** post-build ***
mkdir -p ./bin/
cp out/lpc4337_m4/control.axf ./bin//firmware.axf
23:32:24 **** Incremental Build of configuration Default for project firmware ****
make all 
*** linking project control ***
   text	   data	    bss	    dec	    hex	filename
  19836	  17472	    480	  37788	   939c	out/lpc4337_m4/control.axf
copy from `out/lpc4337_m4/control.axf' [elf32-littlearm] to `out/lpc4337_m4/control.bin' [binary]
*** post-build ***
mkdir -p ./bin/
cp out/lpc4337_m4/control.axf ./bin//firmware.axf
23:32:24 **** Incremental Build of configuration Default for project firmware ****
make all 
*** linking project control ***
   text	   data	    bss	    dec	    hex	filename
  19836	  17472	    480	  37788	   939c	out/lpc4337_m4/control.axf
copy from `out/lpc4337_m4/control.axf' [elf32-littlearm] to `out/lpc4337_m4/control.bin' [binary]
*** post-build ***
mkdir -p ./bin/
cp out/lpc4337_m4/control.axf ./bin//firmware.axf
23:32:27 **** Incremental Build of configuration Default for project firmware ****
make all 
*** linking project control ***
   text	   data	    bss	    dec	    hex	filename
  19836	  17472	    480	  37788	   939c	out/lpc4337_m4/control.axf
copy from `out/lpc4337_m4/control.axf' [elf32-littlearm] to `out/lpc4337_m4/control.bin' [binary]
*** post-build ***
mkdir -p ./bin/
cp out/lpc4337_m4/control.axf ./bin//firmware.axf
23:32:29 **** Incremental Build of configuration Default for project firmware ****
make all 
*** linking project control ***
   text	   data	    bss	    dec	    hex	filename
  19836	  17472	    480	  37788	   939c	out/lpc4337_m4/control.axf
copy from `out/lpc4337_m4/control.axf' [elf32-littlearm] to `out/lpc4337_m4/control.bin' [binary]
*** post-build ***
mkdir -p ./bin/
cp out/lpc4337_m4/control.axf ./bin//firmware.axf
23:33:55 **** Incremental Build of configuration Default for project firmware ****
make all 
*** compiling C file control/src/main.c ***
control/src/main.c: In function 'parseReadStatusCmd':
control/src/main.c:219:1: warning: control reaches end of non-void function [-Wreturn-type]
 }
 ^
*** linking project control ***
   text	   data	    bss	    dec	    hex	filename
  19836	  17472	    480	  37788	   939c	out/lpc4337_m4/control.axf
copy from `out/lpc4337_m4/control.axf' [elf32-littlearm] to `out/lpc4337_m4/control.bin' [binary]
*** post-build ***
mkdir -p ./bin/
cp out/lpc4337_m4/control.axf ./bin//firmware.axf
23:33:57 **** Incremental Build of configuration Default for project firmware ****
make all 
*** linking project control ***
   text	   data	    bss	    dec	    hex	filename
  19836	  17472	    480	  37788	   939c	out/lpc4337_m4/control.axf
copy from `out/lpc4337_m4/control.axf' [elf32-littlearm] to `out/lpc4337_m4/control.bin' [binary]
*** post-build ***
mkdir -p ./bin/
cp out/lpc4337_m4/control.axf ./bin//firmware.axf
23:36:53 **** Incremental Build of configuration Default for project firmware ****
make all 
*** compiling C file control/src/main.c ***
control/src/main.c: In function 'parseReadStatusCmd':
control/src/main.c:207:1: warning: control reaches end of non-void function [-Wreturn-type]
 }
 ^
*** linking project control ***
   text	   data	    bss	    dec	    hex	filename
  19740	  17472	    476	  37688	   9338	out/lpc4337_m4/control.axf
copy from `out/lpc4337_m4/control.axf' [elf32-littlearm] to `out/lpc4337_m4/control.bin' [binary]
*** post-build ***
mkdir -p ./bin/
cp out/lpc4337_m4/control.axf ./bin//firmware.axf
23:36:53 **** Incremental Build of configuration Default for project firmware ****
make all 
*** linking project control ***
   text	   data	    bss	    dec	    hex	filename
  19740	  17472	    476	  37688	   9338	out/lpc4337_m4/control.axf
copy from `out/lpc4337_m4/control.axf' [elf32-littlearm] to `out/lpc4337_m4/control.bin' [binary]
*** post-build ***
mkdir -p ./bin/
cp out/lpc4337_m4/control.axf ./bin//firmware.axf
23:36:54 **** Incremental Build of configuration Default for project firmware ****
make all 
*** linking project control ***
   text	   data	    bss	    dec	    hex	filename
  19740	  17472	    476	  37688	   9338	out/lpc4337_m4/control.axf
copy from `out/lpc4337_m4/control.axf' [elf32-littlearm] to `out/lpc4337_m4/control.bin' [binary]
*** post-build ***
mkdir -p ./bin/
cp out/lpc4337_m4/control.axf ./bin//firmware.axf
23:36:55 **** Incremental Build of configuration Default for project firmware ****
make all 
*** linking project control ***
   text	   data	    bss	    dec	    hex	filename
  19740	  17472	    476	  37688	   9338	out/lpc4337_m4/control.axf
copy from `out/lpc4337_m4/control.axf' [elf32-littlearm] to `out/lpc4337_m4/control.bin' [binary]
*** post-build ***
mkdir -p ./bin/
cp out/lpc4337_m4/control.axf ./bin//firmware.axf
23:39:22 **** Incremental Build of configuration Default for project firmware ****
make all 
*** compiling C file control/src/Beacon.c ***
*** compiling C file control/src/main.c ***
control/src/main.c: In function 'parseReadStatusCmd':
control/src/main.c:207:1: warning: control reaches end of non-void function [-Wreturn-type]
 }
 ^
*** linking project control ***
   text	   data	    bss	    dec	    hex	filename
  19736	  17472	    476	  37684	   9334	out/lpc4337_m4/control.axf
copy from `out/lpc4337_m4/control.axf' [elf32-littlearm] to `out/lpc4337_m4/control.bin' [binary]
*** post-build ***
mkdir -p ./bin/
cp out/lpc4337_m4/control.axf ./bin//firmware.axf
23:39:24 **** Incremental Build of configuration Default for project firmware ****
make all 
*** linking project control ***
   text	   data	    bss	    dec	    hex	filename
  19736	  17472	    476	  37684	   9334	out/lpc4337_m4/control.axf
copy from `out/lpc4337_m4/control.axf' [elf32-littlearm] to `out/lpc4337_m4/control.bin' [binary]
*** post-build ***
mkdir -p ./bin/
cp out/lpc4337_m4/control.axf ./bin//firmware.axf
23:39:29 **** Incremental Build of configuration Default for project firmware ****
make all 
*** linking project control ***
   text	   data	    bss	    dec	    hex	filename
  19736	  17472	    476	  37684	   9334	out/lpc4337_m4/control.axf
copy from `out/lpc4337_m4/control.axf' [elf32-littlearm] to `out/lpc4337_m4/control.bin' [binary]
*** post-build ***
mkdir -p ./bin/
cp out/lpc4337_m4/control.axf ./bin//firmware.axf
23:39:29 **** Incremental Build of configuration Default for project firmware ****
make all 
*** linking project control ***
   text	   data	    bss	    dec	    hex	filename
  19736	  17472	    476	  37684	   9334	out/lpc4337_m4/control.axf
copy from `out/lpc4337_m4/control.axf' [elf32-littlearm] to `out/lpc4337_m4/control.bin' [binary]
*** post-build ***
mkdir -p ./bin/
cp out/lpc4337_m4/control.axf ./bin//firmware.axf
23:39:30 **** Incremental Build of configuration Default for project firmware ****
make all 
*** linking project control ***
   text	   data	    bss	    dec	    hex	filename
  19736	  17472	    476	  37684	   9334	out/lpc4337_m4/control.axf
copy from `out/lpc4337_m4/control.axf' [elf32-littlearm] to `out/lpc4337_m4/control.bin' [binary]
*** post-build ***
mkdir -p ./bin/
cp out/lpc4337_m4/control.axf ./bin//firmware.axf
